// Jest Snapshot v1, https://goo.gl/fbAQLP

exports[`split split leaf into two sepate: B+Tree 1`] = `
Object {
  "root": Object {
    "children": Array [
      Object {
        "children": Array [
          Object {
            "id": 0,
            "key_num": 2,
            "keys": Array [
              0,
              1,
            ],
            "max": 1,
            "min": 0,
            "pointers": Array [
              0,
              9,
            ],
          },
          Object {
            "id": 4,
            "key_num": 2,
            "keys": Array [
              2,
              3,
            ],
            "max": 3,
            "min": 2,
            "pointers": Array [
              8,
              2,
            ],
          },
        ],
        "id": 2,
        "key_num": 1,
        "keys": Array [
          2,
        ],
        "max": 3,
        "min": 0,
      },
      Object {
        "children": Array [
          Object {
            "id": 7,
            "key_num": 2,
            "keys": Array [
              4,
              5,
            ],
            "max": 5,
            "min": 4,
            "pointers": Array [
              10,
              12,
            ],
          },
          Object {
            "id": 8,
            "key_num": 3,
            "keys": Array [
              6,
              7,
              8,
            ],
            "max": 8,
            "min": 6,
            "pointers": Array [
              6,
              14,
              11,
            ],
          },
        ],
        "id": 9,
        "key_num": 1,
        "keys": Array [
          6,
        ],
        "max": 8,
        "min": 4,
      },
      Object {
        "children": Array [
          Object {
            "id": 1,
            "key_num": 3,
            "keys": Array [
              9,
              10,
              11,
            ],
            "max": 11,
            "min": 9,
            "pointers": Array [
              1,
              7,
              13,
            ],
          },
          Object {
            "id": 3,
            "key_num": 3,
            "keys": Array [
              12,
              13,
              14,
            ],
            "max": 14,
            "min": 12,
            "pointers": Array [
              4,
              5,
              3,
            ],
          },
        ],
        "id": 5,
        "key_num": 1,
        "keys": Array [
          12,
        ],
        "max": 14,
        "min": 9,
      },
    ],
    "id": 6,
    "key_num": 2,
    "keys": Array [
      4,
      9,
    ],
    "max": 14,
    "min": 0,
  },
  "t": 2,
  "unique": true,
}
`;
